// Jest Snapshot v1, https://goo.gl/fbAQLP

exports[`NotFoundPage to match snapshot 1`] = `
<div>
  <div
    class="flex flex-col gap-4 items-center justify-center h-screen"
  >
    <h1
      class="text-9xl font-bold"
    >
      404
    </h1>
    <p
      class="text-4xl"
    >
      Page Not Found
    </p>
  </div>
</div>
`;
